// Jest Snapshot v1, https://goo.gl/fbAQLP

exports[`Search-Result Component should render as expected 1`] = `
<div
  className="movie-list-container"
/>
`;
